{
    "seed": 123456,
    "data": [
        {
            "asset": {
                "unAssetClass": [
                    {
                        "unCurrencySymbol": "fb654f0f6022225d31da8a7aca8cc836044b13d9806c35b2c4ac7681"
                    },
                    {
                        "unTokenName": "\u00000xa0a0a65187c1f1c76635cec08593b31b531bdd7254c1ddc4"
                    }
                ]
            }
        },
        {
            "asset": {
                "unAssetClass": [
                    {
                        "unCurrencySymbol": "18574bd494ab39faa4f5a6de98404c5f4a673621cb09ed7227a19a32"
                    },
                    {
                        "unTokenName": "\u00000x4820d61f507ae54d6ae51f"
                    }
                ]
            }
        },
        {
            "asset": {
                "unAssetClass": [
                    {
                        "unCurrencySymbol": "3bccb60f9d1661c2b0257e050e06493a770ba83f2aca4165bf436a5e"
                    },
                    {
                        "unTokenName": "\u00000xee852ef24c8f31e3f9"
                    }
                ]
            }
        },
        {
            "asset": {
                "unAssetClass": [
                    {
                        "unCurrencySymbol": "cc366430b9eb5ed2240ceb0dcb4793131e608c4a922c754ddfac24b8"
                    },
                    {
                        "unTokenName": "\u00000x71b0735029e3c4548ce1db7523fd3e614a9471e36499593a8d28dc"
                    }
                ]
            }
        },
        {
            "asset": {
                "unAssetClass": [
                    {
                        "unCurrencySymbol": "dd32b47a242401e4453bac7a903ec8d1389b94b3a1542b2fa5304204"
                    },
                    {
                        "unTokenName": "\u00000xd4bd9f4fb5f118"
                    }
                ]
            }
        },
        {
            "asset": {
                "unAssetClass": [
                    {
                        "unCurrencySymbol": "e8360b0a789ad416545dd8cf23fc5747e1f1dbf697419e7b971eade9"
                    },
                    {
                        "unTokenName": "\u00000xeddf7e5147a2b0ea0ca015a352dec143bb"
                    }
                ]
            }
        },
        {
            "asset": {
                "unAssetClass": [
                    {
                        "unCurrencySymbol": "53a817f6ad83aade29c8ff5ec018e596226294122ad2715c5aca22a4"
                    },
                    {
                        "unTokenName": "\u00000x7bd7f875ee26c39f134c647f21d2011e0c68cbedd738b8303390"
                    }
                ]
            }
        },
        {
            "asset": {
                "unAssetClass": [
                    {
                        "unCurrencySymbol": "7eea412fa7008016a2e50c2ebc57b6df0eeb4121f9b6350ff380ac8e"
                    },
                    {
                        "unTokenName": "\u00000x20a267ea25"
                    }
                ]
            }
        },
        {
            "asset": {
                "unAssetClass": [
                    {
                        "unCurrencySymbol": "c840a0d52805288d18f6629c9539d0378a142248d347d623d3ae0bba"
                    },
                    {
                        "unTokenName": ""
                    }
                ]
            }
        },
        {
            "asset": {
                "unAssetClass": [
                    {
                        "unCurrencySymbol": "d596a47de4cae542191bd8153e092c3e22c78a9b945aa9ccb7e630c9"
                    },
                    {
                        "unTokenName": ""
                    }
                ]
            }
        },
        {
            "asset": {
                "unAssetClass": [
                    {
                        "unCurrencySymbol": "82580bd4304d0e90edef896d58c6ab9c3a8a8b080c8f6f00e6ed5e1c"
                    },
                    {
                        "unTokenName": "\u00000xa88beffd9d8c38854e2568a885b0090a4799"
                    }
                ]
            }
        },
        {
            "asset": {
                "unAssetClass": [
                    {
                        "unCurrencySymbol": "a9e7ec56bccdf4e2af17e0b81097773628dc3a55011ffd96db8b6fb6"
                    },
                    {
                        "unTokenName": "\u00000x618720a3fead0f1b41cbfb33c27a7bc9"
                    }
                ]
            }
        },
        {
            "asset": {
                "unAssetClass": [
                    {
                        "unCurrencySymbol": "9128470d0f71b2c0a0bb9919243d658f47960f1bae848596e436fdcf"
                    },
                    {
                        "unTokenName": "\u00000x93e42c88fac92c5eeec205500907fc0c41b93415b1979c7e24a8917a73"
                    }
                ]
            }
        },
        {
            "asset": {
                "unAssetClass": [
                    {
                        "unCurrencySymbol": "d97b046c16b55a1800b0b4802a8bf59f8d991d9a6c166fcf5e494f22"
                    },
                    {
                        "unTokenName": "\u00000xe8316957e9129a06661774cc72673a1d1e5605996349a324ca"
                    }
                ]
            }
        },
        {
            "asset": {
                "unAssetClass": [
                    {
                        "unCurrencySymbol": "0ba6de9250d45a3d9839053a882db1ce67c75eec6b37094fa13290be"
                    },
                    {
                        "unTokenName": "V\u0016F"
                    }
                ]
            }
        },
        {
            "asset": {
                "unAssetClass": [
                    {
                        "unCurrencySymbol": "9f59ea2b18877055151714780827da88636a4b54ae46d5199be305d6"
                    },
                    {
                        "unTokenName": "\u00000xb628d9585d989ef6df"
                    }
                ]
            }
        },
        {
            "asset": {
                "unAssetClass": [
                    {
                        "unCurrencySymbol": "cfc23732ada6e631569f6853755bc529291b4e7cca2413dd0d8f38ff"
                    },
                    {
                        "unTokenName": "\u00000xfacecb6cba07e32faa21c087eed11e8bdf9b9ede"
                    }
                ]
            }
        },
        {
            "asset": {
                "unAssetClass": [
                    {
                        "unCurrencySymbol": "89577ea32e0c59c6ac50c0756319535b0238439b2e1378c0ae2589e8"
                    },
                    {
                        "unTokenName": "\u00000xf16552a27d99d884c5b4e62b99d62e1b72b32607d4da68b126"
                    }
                ]
            }
        },
        {
            "asset": {
                "unAssetClass": [
                    {
                        "unCurrencySymbol": "26456b0d590865a50ddac1ef61869628128d3a078790faf8a751c992"
                    },
                    {
                        "unTokenName": "\u00000x04f0508d5057eb9985d691b70e2180a4c360845a4871e05816ffad"
                    }
                ]
            }
        },
        {
            "asset": {
                "unAssetClass": [
                    {
                        "unCurrencySymbol": "13d2a8a493909b927a1019c85eb7425f04d42db6d80e2829fea17922"
                    },
                    {
                        "unTokenName": "\u00000xf6ee8b8e0fc73d7903f780"
                    }
                ]
            }
        }
    ]
}