{
    "seed": 123456,
    "data": [
        {
            "data": [
                {
                    "data": [
                        {
                            "data": "\"\\251eO\\SI`\\\"\\\"]1\\218\\138z\\202\\140\\200\\&6\\EOTK\\DC3\\217\\128l5\\178\\196\\172v\\129\"",
                            "tag": "B"
                        },
                        {
                            "data": "\"\\160\\160\\166Q\\135\\193\\241\\199f5\\206\\192\\133\\147\\179\\ESCS\\ESC\\221rT\\193\\221\\196\"",
                            "tag": "B"
                        }
                    ],
                    "index": 0,
                    "tag": "Constr"
                }
            ],
            "index": 0,
            "tag": "Constr"
        },
        {
            "data": [
                {
                    "data": [
                        {
                            "data": "\"\\CANWK\\212\\148\\171\\&9\\250\\164\\245\\166\\222\\152@L_Jg6!\\203\\t\\237r'\\161\\154\\&2\"",
                            "tag": "B"
                        },
                        {
                            "data": "\"H \\214\\USPz\\229Mj\\229\\US\"",
                            "tag": "B"
                        }
                    ],
                    "index": 0,
                    "tag": "Constr"
                }
            ],
            "index": 0,
            "tag": "Constr"
        },
        {
            "data": [
                {
                    "data": [
                        {
                            "data": "\";\\204\\182\\SI\\157\\SYNa\\194\\176%~\\ENQ\\SO\\ACKI:w\\v\\168?*\\202Ae\\191Cj^\"",
                            "tag": "B"
                        },
                        {
                            "data": "\"\\238\\133.\\242L\\143\\&1\\227\\249\"",
                            "tag": "B"
                        }
                    ],
                    "index": 0,
                    "tag": "Constr"
                }
            ],
            "index": 0,
            "tag": "Constr"
        },
        {
            "data": [
                {
                    "data": [
                        {
                            "data": "\"\\204\\&6d0\\185\\235^\\210$\\f\\235\\r\\203G\\147\\DC3\\RS`\\140J\\146,uM\\223\\172$\\184\"",
                            "tag": "B"
                        },
                        {
                            "data": "\"q\\176sP)\\227\\196T\\140\\225\\219u#\\253>aJ\\148q\\227d\\153Y:\\141(\\220\"",
                            "tag": "B"
                        }
                    ],
                    "index": 0,
                    "tag": "Constr"
                }
            ],
            "index": 0,
            "tag": "Constr"
        },
        {
            "data": [
                {
                    "data": [
                        {
                            "data": "\"\\221\\&2\\180z$$\\SOH\\228E;\\172z\\144>\\200\\209\\&8\\155\\148\\179\\161T+/\\165\\&0B\\EOT\"",
                            "tag": "B"
                        },
                        {
                            "data": "\"\\212\\189\\159O\\181\\241\\CAN\"",
                            "tag": "B"
                        }
                    ],
                    "index": 0,
                    "tag": "Constr"
                }
            ],
            "index": 0,
            "tag": "Constr"
        },
        {
            "data": [
                {
                    "data": [
                        {
                            "data": "\"\\232\\&6\\v\\nx\\154\\212\\SYNT]\\216\\207#\\252WG\\225\\241\\219\\246\\151A\\158{\\151\\RS\\173\\233\"",
                            "tag": "B"
                        },
                        {
                            "data": "\"\\237\\223~QG\\162\\176\\234\\f\\160\\NAK\\163R\\222\\193C\\187\"",
                            "tag": "B"
                        }
                    ],
                    "index": 0,
                    "tag": "Constr"
                }
            ],
            "index": 0,
            "tag": "Constr"
        },
        {
            "data": [
                {
                    "data": [
                        {
                            "data": "\"S\\168\\ETB\\246\\173\\131\\170\\222)\\200\\255^\\192\\CAN\\229\\150\\\"b\\148\\DC2*\\210q\\\\Z\\202\\\"\\164\"",
                            "tag": "B"
                        },
                        {
                            "data": "\"{\\215\\248u\\238&\\195\\159\\DC3Ld\\DEL!\\210\\SOH\\RS\\fh\\203\\237\\215\\&8\\184\\&03\\144\"",
                            "tag": "B"
                        }
                    ],
                    "index": 0,
                    "tag": "Constr"
                }
            ],
            "index": 0,
            "tag": "Constr"
        },
        {
            "data": [
                {
                    "data": [
                        {
                            "data": "\"~\\234A/\\167\\NUL\\128\\SYN\\162\\229\\f.\\188W\\182\\223\\SO\\235A!\\249\\182\\&5\\SI\\243\\128\\172\\142\"",
                            "tag": "B"
                        },
                        {
                            "data": "\" \\162g\\234%\"",
                            "tag": "B"
                        }
                    ],
                    "index": 0,
                    "tag": "Constr"
                }
            ],
            "index": 0,
            "tag": "Constr"
        },
        {
            "data": [
                {
                    "data": [
                        {
                            "data": "\"\\200@\\160\\213(\\ENQ(\\141\\CAN\\246b\\156\\149\\&9\\208\\&7\\138\\DC4\\\"H\\211G\\214#\\211\\174\\v\\186\"",
                            "tag": "B"
                        },
                        {
                            "data": "\"\"",
                            "tag": "B"
                        }
                    ],
                    "index": 0,
                    "tag": "Constr"
                }
            ],
            "index": 0,
            "tag": "Constr"
        },
        {
            "data": [
                {
                    "data": [
                        {
                            "data": "\"\\213\\150\\164}\\228\\202\\229B\\EM\\ESC\\216\\NAK>\\t,>\\\"\\199\\138\\155\\148Z\\169\\204\\183\\230\\&0\\201\"",
                            "tag": "B"
                        },
                        {
                            "data": "\"\"",
                            "tag": "B"
                        }
                    ],
                    "index": 0,
                    "tag": "Constr"
                }
            ],
            "index": 0,
            "tag": "Constr"
        },
        {
            "data": [
                {
                    "data": [
                        {
                            "data": "\"\\130X\\v\\212\\&0M\\SO\\144\\237\\239\\137mX\\198\\171\\156:\\138\\139\\b\\f\\143o\\NUL\\230\\237^\\FS\"",
                            "tag": "B"
                        },
                        {
                            "data": "\"\\168\\139\\239\\253\\157\\140\\&8\\133N%h\\168\\133\\176\\t\\nG\\153\"",
                            "tag": "B"
                        }
                    ],
                    "index": 0,
                    "tag": "Constr"
                }
            ],
            "index": 0,
            "tag": "Constr"
        },
        {
            "data": [
                {
                    "data": [
                        {
                            "data": "\"\\169\\231\\236V\\188\\205\\244\\226\\175\\ETB\\224\\184\\DLE\\151w6(\\220:U\\SOH\\US\\253\\150\\219\\139o\\182\"",
                            "tag": "B"
                        },
                        {
                            "data": "\"a\\135 \\163\\254\\173\\SI\\ESCA\\203\\251\\&3\\194z{\\201\"",
                            "tag": "B"
                        }
                    ],
                    "index": 0,
                    "tag": "Constr"
                }
            ],
            "index": 0,
            "tag": "Constr"
        },
        {
            "data": [
                {
                    "data": [
                        {
                            "data": "\"\\145(G\\r\\SIq\\178\\192\\160\\187\\153\\EM$=e\\143G\\150\\SI\\ESC\\174\\132\\133\\150\\228\\&6\\253\\207\"",
                            "tag": "B"
                        },
                        {
                            "data": "\"\\147\\228,\\136\\250\\201,^\\238\\194\\ENQP\\t\\a\\252\\fA\\185\\&4\\NAK\\177\\151\\156~$\\168\\145zs\"",
                            "tag": "B"
                        }
                    ],
                    "index": 0,
                    "tag": "Constr"
                }
            ],
            "index": 0,
            "tag": "Constr"
        },
        {
            "data": [
                {
                    "data": [
                        {
                            "data": "\"\\217{\\EOTl\\SYN\\181Z\\CAN\\NUL\\176\\180\\128*\\139\\245\\159\\141\\153\\GS\\154l\\SYNo\\207^IO\\\"\"",
                            "tag": "B"
                        },
                        {
                            "data": "\"\\232\\&1iW\\233\\DC2\\154\\ACKf\\ETBt\\204rg:\\GS\\RSV\\ENQ\\153cI\\163$\\202\"",
                            "tag": "B"
                        }
                    ],
                    "index": 0,
                    "tag": "Constr"
                }
            ],
            "index": 0,
            "tag": "Constr"
        },
        {
            "data": [
                {
                    "data": [
                        {
                            "data": "\"\\v\\166\\222\\146P\\212Z=\\152\\&9\\ENQ:\\136-\\177\\206g\\199^\\236k7\\tO\\161\\&2\\144\\190\"",
                            "tag": "B"
                        },
                        {
                            "data": "\"V\\SYNF\"",
                            "tag": "B"
                        }
                    ],
                    "index": 0,
                    "tag": "Constr"
                }
            ],
            "index": 0,
            "tag": "Constr"
        },
        {
            "data": [
                {
                    "data": [
                        {
                            "data": "\"\\159Y\\234+\\CAN\\135pU\\NAK\\ETB\\DC4x\\b'\\218\\136cjKT\\174F\\213\\EM\\155\\227\\ENQ\\214\"",
                            "tag": "B"
                        },
                        {
                            "data": "\"\\182(\\217X]\\152\\158\\246\\223\"",
                            "tag": "B"
                        }
                    ],
                    "index": 0,
                    "tag": "Constr"
                }
            ],
            "index": 0,
            "tag": "Constr"
        },
        {
            "data": [
                {
                    "data": [
                        {
                            "data": "\"\\207\\194\\&72\\173\\166\\230\\&1V\\159hSu[\\197))\\ESCN|\\202$\\DC3\\221\\r\\143\\&8\\255\"",
                            "tag": "B"
                        },
                        {
                            "data": "\"\\250\\206\\203l\\186\\a\\227/\\170!\\192\\135\\238\\209\\RS\\139\\223\\155\\158\\222\"",
                            "tag": "B"
                        }
                    ],
                    "index": 0,
                    "tag": "Constr"
                }
            ],
            "index": 0,
            "tag": "Constr"
        },
        {
            "data": [
                {
                    "data": [
                        {
                            "data": "\"\\137W~\\163.\\fY\\198\\172P\\192uc\\EMS[\\STX8C\\155.\\DC3x\\192\\174%\\137\\232\"",
                            "tag": "B"
                        },
                        {
                            "data": "\"\\241eR\\162}\\153\\216\\132\\197\\180\\230+\\153\\214.\\ESCr\\179&\\a\\212\\218h\\177&\"",
                            "tag": "B"
                        }
                    ],
                    "index": 0,
                    "tag": "Constr"
                }
            ],
            "index": 0,
            "tag": "Constr"
        },
        {
            "data": [
                {
                    "data": [
                        {
                            "data": "\"&Ek\\rY\\be\\165\\r\\218\\193\\239a\\134\\150(\\DC2\\141:\\a\\135\\144\\250\\248\\167Q\\201\\146\"",
                            "tag": "B"
                        },
                        {
                            "data": "\"\\EOT\\240P\\141PW\\235\\153\\133\\214\\145\\183\\SO!\\128\\164\\195`\\132ZHq\\224X\\SYN\\255\\173\"",
                            "tag": "B"
                        }
                    ],
                    "index": 0,
                    "tag": "Constr"
                }
            ],
            "index": 0,
            "tag": "Constr"
        },
        {
            "data": [
                {
                    "data": [
                        {
                            "data": "\"\\DC3\\210\\168\\164\\147\\144\\155\\146z\\DLE\\EM\\200^\\183B_\\EOT\\212-\\182\\216\\SO()\\254\\161y\\\"\"",
                            "tag": "B"
                        },
                        {
                            "data": "\"\\246\\238\\139\\142\\SI\\199=y\\ETX\\247\\128\"",
                            "tag": "B"
                        }
                    ],
                    "index": 0,
                    "tag": "Constr"
                }
            ],
            "index": 0,
            "tag": "Constr"
        }
    ]
}